Could not find the file: D:\Code\CS61C\pro3\fa20-proj3-starter\tests\part_b\custom\inputs/sll-slli.s
